Error with gifts
I'm did update 3
next update 4